=== BUILD START: Mon 11/17/2025 10:41:34.27 ===
[INFO] Host Pythons on PATH:
C:\Users\20030497\AppData\Local\Programs\Python\Python312\python.exe
C:\Users\20030497\AppData\Local\Programs\Python\Python310\python.exe
C:\Users\20030497\AppData\Local\Microsoft\WindowsApps\python.exe
C:\Program Files\Inkscape\bin\python.exe
[INFO] Using interpreter: "C:\Users\20030497\logistics-cost-estimation\venv\Scripts\python.exe"
Python 3.12.8
pip 25.3 from C:\Users\20030497\logistics-cost-estimation\venv\Lib\site-packages\pip (python 3.12)
[TIME] pip upgrade start: Mon 11/17/2025 10:41:35.22
Requirement already satisfied: pip in c:\users\20030497\logistics-cost-estimation\venv\lib\site-packages (25.3)
[TIME] pip upgrade end:   Mon 11/17/2025 10:41:37.22
[TIME] deps install start: Mon 11/17/2025 10:41:37.24
Requirement already satisfied: streamlit>=1.45.1 in c:\users\20030497\logistics-cost-estimation\venv\lib\site-packages (from -r C:\Users\20030497\logistics-cost-estimation\requirements.txt (line 1)) (1.51.0)
Requirement already satisfied: pandas>=2.2.3 in c:\users\20030497\logistics-cost-estimation\venv\lib\site-packages (from -r C:\Users\20030497\logistics-cost-estimation\requirements.txt (line 3)) (2.3.3)
Requirement already satisfied: openpyxl>=3.1.5 in c:\users\20030497\logistics-cost-estimation\venv\lib\site-packages (from -r C:\Users\20030497\logistics-cost-estimation\requirements.txt (line 4)) (3.1.5)
Requirement already satisfied: psycopg2-binary>=2.9.10 in c:\users\20030497\logistics-cost-estimation\venv\lib\site-packages (from -r C:\Users\20030497\logistics-cost-estimation\requirements.txt (line 5)) (2.9.11)
Requirement already satisfied: sqlalchemy>=2.0.41 in c:\users\20030497\logistics-cost-estimation\venv\lib\site-packages (from -r C:\Users\20030497\logistics-cost-estimation\requirements.txt (line 6)) (2.0.44)
Requirement already satisfied: numpy in c:\users\20030497\logistics-cost-estimation\venv\lib\site-packages (from -r C:\Users\20030497\logistics-cost-estimation\requirements.txt (line 7)) (2.3.4)
Requirement already satisfied: plotly in c:\users\20030497\logistics-cost-estimation\venv\lib\site-packages (from -r C:\Users\20030497\logistics-cost-estimation\requirements.txt (line 8)) (6.4.0)
Requirement already satisfied: pyarrow in c:\users\20030497\logistics-cost-estimation\venv\lib\site-packages (from -r C:\Users\20030497\logistics-cost-estimation\requirements.txt (line 9)) (21.0.0)
Requirement already satisfied: xlsxwriter in c:\users\20030497\logistics-cost-estimation\venv\lib\site-packages (from -r C:\Users\20030497\logistics-cost-estimation\requirements.txt (line 11)) (3.2.9)
Requirement already satisfied: Pillow in c:\users\20030497\logistics-cost-estimation\venv\lib\site-packages (from -r C:\Users\20030497\logistics-cost-estimation\requirements.txt (line 12)) (12.0.0)
Requirement already satisfied: python-dotenv>=1.0.0 in c:\users\20030497\logistics-cost-estimation\venv\lib\site-packages (from -r C:\Users\20030497\logistics-cost-estimation\requirements.txt (line 14)) (1.2.1)
Requirement already satisfied: altair!=5.4.0,!=5.4.1,<6,>=4.0 in c:\users\20030497\logistics-cost-estimation\venv\lib\site-packages (from streamlit>=1.45.1->-r C:\Users\20030497\logistics-cost-estimation\requirements.txt (line 1)) (5.5.0)
Requirement already satisfied: blinker<2,>=1.5.0 in c:\users\20030497\logistics-cost-estimation\venv\lib\site-packages (from streamlit>=1.45.1->-r C:\Users\20030497\logistics-cost-estimation\requirements.txt (line 1)) (1.9.0)
Requirement already satisfied: cachetools<7,>=4.0 in c:\users\20030497\logistics-cost-estimation\venv\lib\site-packages (from streamlit>=1.45.1->-r C:\Users\20030497\logistics-cost-estimation\requirements.txt (line 1)) (6.2.0)
Requirement already satisfied: click<9,>=7.0 in c:\users\20030497\logistics-cost-estimation\venv\lib\site-packages (from streamlit>=1.45.1->-r C:\Users\20030497\logistics-cost-estimation\requirements.txt (line 1)) (8.3.0)
Requirement already satisfied: packaging<26,>=20 in c:\users\20030497\logistics-cost-estimation\venv\lib\site-packages (from streamlit>=1.45.1->-r C:\Users\20030497\logistics-cost-estimation\requirements.txt (line 1)) (25.0)
Requirement already satisfied: protobuf<7,>=3.20 in c:\users\20030497\logistics-cost-estimation\venv\lib\site-packages (from streamlit>=1.45.1->-r C:\Users\20030497\logistics-cost-estimation\requirements.txt (line 1)) (6.32.1)
Requirement already satisfied: requests<3,>=2.27 in c:\users\20030497\logistics-cost-estimation\venv\lib\site-packages (from streamlit>=1.45.1->-r C:\Users\20030497\logistics-cost-estimation\requirements.txt (line 1)) (2.32.5)
Requirement already satisfied: tenacity<10,>=8.1.0 in c:\users\20030497\logistics-cost-estimation\venv\lib\site-packages (from streamlit>=1.45.1->-r C:\Users\20030497\logistics-cost-estimation\requirements.txt (line 1)) (9.1.2)
Requirement already satisfied: toml<2,>=0.10.1 in c:\users\20030497\logistics-cost-estimation\venv\lib\site-packages (from streamlit>=1.45.1->-r C:\Users\20030497\logistics-cost-estimation\requirements.txt (line 1)) (0.10.2)
Requirement already satisfied: typing-extensions<5,>=4.4.0 in c:\users\20030497\logistics-cost-estimation\venv\lib\site-packages (from streamlit>=1.45.1->-r C:\Users\20030497\logistics-cost-estimation\requirements.txt (line 1)) (4.15.0)
Requirement already satisfied: watchdog<7,>=2.1.5 in c:\users\20030497\logistics-cost-estimation\venv\lib\site-packages (from streamlit>=1.45.1->-r C:\Users\20030497\logistics-cost-estimation\requirements.txt (line 1)) (6.0.0)
Requirement already satisfied: gitpython!=3.1.19,<4,>=3.0.7 in c:\users\20030497\logistics-cost-estimation\venv\lib\site-packages (from streamlit>=1.45.1->-r C:\Users\20030497\logistics-cost-estimation\requirements.txt (line 1)) (3.1.45)
Requirement already satisfied: pydeck<1,>=0.8.0b4 in c:\users\20030497\logistics-cost-estimation\venv\lib\site-packages (from streamlit>=1.45.1->-r C:\Users\20030497\logistics-cost-estimation\requirements.txt (line 1)) (0.9.1)
Requirement already satisfied: tornado!=6.5.0,<7,>=6.0.3 in c:\users\20030497\logistics-cost-estimation\venv\lib\site-packages (from streamlit>=1.45.1->-r C:\Users\20030497\logistics-cost-estimation\requirements.txt (line 1)) (6.5.2)
Requirement already satisfied: python-dateutil>=2.8.2 in c:\users\20030497\logistics-cost-estimation\venv\lib\site-packages (from pandas>=2.2.3->-r C:\Users\20030497\logistics-cost-estimation\requirements.txt (line 3)) (2.9.0.post0)
Requirement already satisfied: pytz>=2020.1 in c:\users\20030497\logistics-cost-estimation\venv\lib\site-packages (from pandas>=2.2.3->-r C:\Users\20030497\logistics-cost-estimation\requirements.txt (line 3)) (2025.2)
Requirement already satisfied: tzdata>=2022.7 in c:\users\20030497\logistics-cost-estimation\venv\lib\site-packages (from pandas>=2.2.3->-r C:\Users\20030497\logistics-cost-estimation\requirements.txt (line 3)) (2025.2)
Requirement already satisfied: jinja2 in c:\users\20030497\logistics-cost-estimation\venv\lib\site-packages (from altair!=5.4.0,!=5.4.1,<6,>=4.0->streamlit>=1.45.1->-r C:\Users\20030497\logistics-cost-estimation\requirements.txt (line 1)) (3.1.6)
Requirement already satisfied: jsonschema>=3.0 in c:\users\20030497\logistics-cost-estimation\venv\lib\site-packages (from altair!=5.4.0,!=5.4.1,<6,>=4.0->streamlit>=1.45.1->-r C:\Users\20030497\logistics-cost-estimation\requirements.txt (line 1)) (4.25.1)
Requirement already satisfied: narwhals>=1.14.2 in c:\users\20030497\logistics-cost-estimation\venv\lib\site-packages (from altair!=5.4.0,!=5.4.1,<6,>=4.0->streamlit>=1.45.1->-r C:\Users\20030497\logistics-cost-estimation\requirements.txt (line 1)) (2.5.0)
Requirement already satisfied: colorama in c:\users\20030497\logistics-cost-estimation\venv\lib\site-packages (from click<9,>=7.0->streamlit>=1.45.1->-r C:\Users\20030497\logistics-cost-estimation\requirements.txt (line 1)) (0.4.6)
Requirement already satisfied: gitdb<5,>=4.0.1 in c:\users\20030497\logistics-cost-estimation\venv\lib\site-packages (from gitpython!=3.1.19,<4,>=3.0.7->streamlit>=1.45.1->-r C:\Users\20030497\logistics-cost-estimation\requirements.txt (line 1)) (4.0.12)
Requirement already satisfied: smmap<6,>=3.0.1 in c:\users\20030497\logistics-cost-estimation\venv\lib\site-packages (from gitdb<5,>=4.0.1->gitpython!=3.1.19,<4,>=3.0.7->streamlit>=1.45.1->-r C:\Users\20030497\logistics-cost-estimation\requirements.txt (line 1)) (5.0.2)
Requirement already satisfied: charset_normalizer<4,>=2 in c:\users\20030497\logistics-cost-estimation\venv\lib\site-packages (from requests<3,>=2.27->streamlit>=1.45.1->-r C:\Users\20030497\logistics-cost-estimation\requirements.txt (line 1)) (3.4.3)
Requirement already satisfied: idna<4,>=2.5 in c:\users\20030497\logistics-cost-estimation\venv\lib\site-packages (from requests<3,>=2.27->streamlit>=1.45.1->-r C:\Users\20030497\logistics-cost-estimation\requirements.txt (line 1)) (3.10)
Requirement already satisfied: urllib3<3,>=1.21.1 in c:\users\20030497\logistics-cost-estimation\venv\lib\site-packages (from requests<3,>=2.27->streamlit>=1.45.1->-r C:\Users\20030497\logistics-cost-estimation\requirements.txt (line 1)) (2.5.0)
Requirement already satisfied: certifi>=2017.4.17 in c:\users\20030497\logistics-cost-estimation\venv\lib\site-packages (from requests<3,>=2.27->streamlit>=1.45.1->-r C:\Users\20030497\logistics-cost-estimation\requirements.txt (line 1)) (2025.8.3)
Requirement already satisfied: et-xmlfile in c:\users\20030497\logistics-cost-estimation\venv\lib\site-packages (from openpyxl>=3.1.5->-r C:\Users\20030497\logistics-cost-estimation\requirements.txt (line 4)) (2.0.0)
Requirement already satisfied: greenlet>=1 in c:\users\20030497\logistics-cost-estimation\venv\lib\site-packages (from sqlalchemy>=2.0.41->-r C:\Users\20030497\logistics-cost-estimation\requirements.txt (line 6)) (3.2.4)
Requirement already satisfied: MarkupSafe>=2.0 in c:\users\20030497\logistics-cost-estimation\venv\lib\site-packages (from jinja2->altair!=5.4.0,!=5.4.1,<6,>=4.0->streamlit>=1.45.1->-r C:\Users\20030497\logistics-cost-estimation\requirements.txt (line 1)) (3.0.2)
Requirement already satisfied: attrs>=22.2.0 in c:\users\20030497\logistics-cost-estimation\venv\lib\site-packages (from jsonschema>=3.0->altair!=5.4.0,!=5.4.1,<6,>=4.0->streamlit>=1.45.1->-r C:\Users\20030497\logistics-cost-estimation\requirements.txt (line 1)) (25.3.0)
Requirement already satisfied: jsonschema-specifications>=2023.03.6 in c:\users\20030497\logistics-cost-estimation\venv\lib\site-packages (from jsonschema>=3.0->altair!=5.4.0,!=5.4.1,<6,>=4.0->streamlit>=1.45.1->-r C:\Users\20030497\logistics-cost-estimation\requirements.txt (line 1)) (2025.9.1)
Requirement already satisfied: referencing>=0.28.4 in c:\users\20030497\logistics-cost-estimation\venv\lib\site-packages (from jsonschema>=3.0->altair!=5.4.0,!=5.4.1,<6,>=4.0->streamlit>=1.45.1->-r C:\Users\20030497\logistics-cost-estimation\requirements.txt (line 1)) (0.36.2)
Requirement already satisfied: rpds-py>=0.7.1 in c:\users\20030497\logistics-cost-estimation\venv\lib\site-packages (from jsonschema>=3.0->altair!=5.4.0,!=5.4.1,<6,>=4.0->streamlit>=1.45.1->-r C:\Users\20030497\logistics-cost-estimation\requirements.txt (line 1)) (0.27.1)
Requirement already satisfied: six>=1.5 in c:\users\20030497\logistics-cost-estimation\venv\lib\site-packages (from python-dateutil>=2.8.2->pandas>=2.2.3->-r C:\Users\20030497\logistics-cost-estimation\requirements.txt (line 3)) (1.17.0)
Requirement already satisfied: pyinstaller in c:\users\20030497\logistics-cost-estimation\venv\lib\site-packages (6.16.0)
Requirement already satisfied: altgraph in c:\users\20030497\logistics-cost-estimation\venv\lib\site-packages (from pyinstaller) (0.17.4)
Requirement already satisfied: packaging>=22.0 in c:\users\20030497\logistics-cost-estimation\venv\lib\site-packages (from pyinstaller) (25.0)
Requirement already satisfied: pefile!=2024.8.26,>=2022.5.30 in c:\users\20030497\logistics-cost-estimation\venv\lib\site-packages (from pyinstaller) (2023.2.7)
Requirement already satisfied: pyinstaller-hooks-contrib>=2025.8 in c:\users\20030497\logistics-cost-estimation\venv\lib\site-packages (from pyinstaller) (2025.9)
Requirement already satisfied: pywin32-ctypes>=0.2.1 in c:\users\20030497\logistics-cost-estimation\venv\lib\site-packages (from pyinstaller) (0.2.3)
Requirement already satisfied: setuptools>=42.0.0 in c:\users\20030497\logistics-cost-estimation\venv\lib\site-packages (from pyinstaller) (80.9.0)
Requirement already satisfied: validators in c:\users\20030497\logistics-cost-estimation\venv\lib\site-packages (0.35.0)
[TIME] deps install end:   Mon 11/17/2025 10:41:41.12
[INFO] Frozen deps (pip freeze):
altair==5.5.0
altgraph==0.17.4
attrs==25.3.0
blinker==1.9.0
cachetools==6.2.0
certifi==2025.8.3
charset-normalizer==3.4.3
click==8.3.0
cmake==4.1.0
colorama==0.4.6
et_xmlfile==2.0.0
exceptiongroup==1.3.0
gitdb==4.0.12
GitPython==3.1.45
greenlet==3.2.4
idna==3.10
Jinja2==3.1.6
jsonschema==4.25.1
jsonschema-specifications==2025.9.1
MarkupSafe==3.0.2
narwhals==2.5.0
ninja==1.13.0
numpy==2.3.4
openpyxl==3.1.5
packaging==25.0
pandas==2.3.3
pathspec==0.12.1
pefile==2023.2.7
pillow==12.0.0
plotly==6.4.0
protobuf==6.32.1
psycopg2-binary==2.9.11
pyarrow==21.0.0
pydeck==0.9.1
pyinstaller==6.16.0
pyinstaller-hooks-contrib==2025.9
python-dateutil==2.9.0.post0
python-dotenv==1.2.1
pytz==2025.2
pywin32-ctypes==0.2.3
referencing==0.36.2
requests==2.32.5
rpds-py==0.27.1
scikit_build_core==0.11.6
setuptools==80.9.0
six==1.17.0
smmap==5.0.2
SQLAlchemy==2.0.44
streamlit==1.51.0
tenacity==9.1.2
toml==0.10.2
tomli==2.2.1
tornado==6.5.2
typing_extensions==4.15.0
tzdata==2025.2
urllib3==2.5.0
validators==0.35.0
watchdog==6.0.0
wheel==0.45.1
xlsxwriter==3.2.9
[INFO] STREAMLIT_BUNDLED_VERSION=1.51.0
